Change Component Designator: Old Designator=C? New Designator=C1
Change Component Designator: Old Designator=C? New Designator=C2
Change Component Designator: Old Designator=C? New Designator=C3
Change Component Designator: Old Designator=C? New Designator=C4
Change Component Designator: Old Designator=C? New Designator=C5
Change Component Designator: Old Designator=D1 New Designator=D3
Change Component Designator: Old Designator=D3 New Designator=D4
Change Component Designator: Old Designator=D? New Designator=D1
Change Component Designator: Old Designator=H? New Designator=H1
Change Component Designator: Old Designator=H? New Designator=H2
Change Component Designator: Old Designator=H? New Designator=H3
Change Component Designator: Old Designator=HD1 New Designator=HD2
Change Component Designator: Old Designator=HD2 New Designator=HD1
Change Component Designator: Old Designator=JDC? New Designator=JDC1
Change Component Designator: Old Designator=JP? New Designator=JP1
Change Component Designator: Old Designator=L? New Designator=L1
Change Component Designator: Old Designator=LED1 New Designator=LED2
Change Component Designator: Old Designator=LED2 New Designator=LED1
Change Component Designator: Old Designator=Q1 New Designator=Q2
Change Component Designator: Old Designator=Q2 New Designator=Q1
Change Component Designator: Old Designator=R2 New Designator=R7
Change Component Designator: Old Designator=R3 New Designator=R6
Change Component Designator: Old Designator=R4 New Designator=R9
Change Component Designator: Old Designator=R5 New Designator=R8
Change Component Designator: Old Designator=R6 New Designator=R1
Change Component Designator: Old Designator=R7 New Designator=R2
Change Component Designator: Old Designator=R8 New Designator=R4
Change Component Designator: Old Designator=R9 New Designator=R10
Change Component Designator: Old Designator=R10 New Designator=R5
Change Component Designator: Old Designator=R? New Designator=R3
Change Component Designator: Old Designator=RL1 New Designator=RL2
Change Component Designator: Old Designator=RL2 New Designator=RL1
Change Component Designator: Old Designator=U1 New Designator=U2
Change Component Designator: Old Designator=U? New Designator=U1
Change Component Designator: Old Designator=VR? New Designator=VR1
