Change Component Designator: Old Designator=C21 New Designator=C1
Change Component Designator: Old Designator=C? New Designator=C2
Change Component Designator: Old Designator=C? New Designator=C3
Change Component Designator: Old Designator=C? New Designator=C4
Change Component Designator: Old Designator=C? New Designator=C5
Change Component Designator: Old Designator=D1 New Designator=D3
Change Component Designator: Old Designator=D2 New Designator=D1
Change Component Designator: Old Designator=D3 New Designator=D2
Change Component Designator: Old Designator=JP1 New Designator=JP3
Change Component Designator: Old Designator=JP2 New Designator=JP1
Change Component Designator: Old Designator=JP3 New Designator=JP2
Change Component Designator: Old Designator=JP4 New Designator=JP5
Change Component Designator: Old Designator=JP5 New Designator=JP4
Change Component Designator: Old Designator=L? New Designator=L1
Change Component Designator: Old Designator=LED1 New Designator=LED3
Change Component Designator: Old Designator=LED2 New Designator=LED1
Change Component Designator: Old Designator=LED3 New Designator=LED2
Change Component Designator: Old Designator=ph_pin New Designator=ph_pin1
Change Component Designator: Old Designator=Q1 New Designator=Q2
Change Component Designator: Old Designator=Q2 New Designator=Q1
Change Component Designator: Old Designator=R1 New Designator=R6
Change Component Designator: Old Designator=R2 New Designator=R10
Change Component Designator: Old Designator=R3 New Designator=R2
Change Component Designator: Old Designator=R4 New Designator=R3
Change Component Designator: Old Designator=R5 New Designator=R4
Change Component Designator: Old Designator=R6 New Designator=R5
Change Component Designator: Old Designator=R8 New Designator=R9
Change Component Designator: Old Designator=R9 New Designator=R8
Change Component Designator: Old Designator=R10 New Designator=R11
Change Component Designator: Old Designator=R? New Designator=R1
Change Component Designator: Old Designator=RL1 New Designator=RL2
Change Component Designator: Old Designator=RL2 New Designator=RL1
Change Component Designator: Old Designator=SS34 New Designator=SS1
Change Component Designator: Old Designator=VR? New Designator=VR1
