Removed Pin From Net: NetName=GND Pin=JP2-1
Removed Pin From Net: NetName=VCC Pin=JP2-2
Removed Pin From Net: NetName=GND Pin=U32-2
Removed Pin From Net: NetName=NetR3_1 Pin=U32-8
Removed Pin From Net: NetName=NetR9_1 Pin=U32-9
Removed Pin From Net: NetName=NetR1_1 Pin=U32-10
Removed Pin From Net: NetName=NetJP3_3 Pin=U32-11
Removed Pin From Net: NetName=NetJP3_4 Pin=U32-14
Removed Pin From Net: NetName=NetJP2_4 Pin=U32-20
Removed Pin From Net: NetName=NetJP1_2 Pin=U32-22
Removed Pin From Net: NetName=NetR8_1 Pin=U32-25
Removed Pin From Net: NetName=NetR6_1 Pin=U32-26
Removed Pin From Net: NetName=NetR7_1 Pin=U32-27
Removed Pin From Net: NetName=NetR5_1 Pin=U32-28
Removed Pin From Net: NetName=GND Pin=U32-29
Removed Pin From Net: NetName=VCC Pin=U32-30
Added Component: Designator=ph_pin(JP 1x3 DT)
Add component (AddParameter): Name = "Chung_Loai"; Value = "C?m"; VariantName = "[No Variations]"
Add component (AddParameter): Name = "Don_Vi"; Value = "Con"; VariantName = "[No Variations]"
Add component (AddParameter): Name = "Ghi_Chu"; Value = ""; VariantName = "[No Variations]"
Add component (AddParameter): Name = "Kieu_Chan"; Value = ""; VariantName = "[No Variations]"
Add component (AddParameter): Name = "Ma_Hang"; Value = "MH000903"; VariantName = "[No Variations]"
Add component (AddParameter): Name = "Ten_Linh_Kien"; Value = "Jump Ðon Ð?c 2.54MM 1x40P Th?ng 11MM"; VariantName = "[No Variations]"
Added Component: Designator=U1(MODULE_ESP32_DEVKIT_V1)
Add component (AddParameter): Name = "Check_prices"; Value = "https://www.snapeda.com/parts/ESP32-DEVKIT-V1/Do+it/view-part/?ref=eda"; VariantName = "[No Variations]"
Add component (AddParameter): Name = "MF"; Value = "Do it"; VariantName = "[No Variations]"
Add component (AddParameter): Name = "MP"; Value = "ESP32-DEVKIT-V1"; VariantName = "[No Variations]"
Add component (AddParameter): Name = "Package"; Value = "None"; VariantName = "[No Variations]"
Add component (AddParameter): Name = "SnapEDA_Link"; Value = "https://www.snapeda.com/parts/ESP32-DEVKIT-V1/Do+it/view-part/?ref=snap"; VariantName = "[No Variations]"
Add component (AddParameter): Name = "Value"; Value = ""; VariantName = "[No Variations]"
Added Pin To Net: NetName=VCC Pin=JP2-1
Added Pin To Net: NetName=GND Pin=JP2-2
Added Pin To Net: NetName=GND Pin=ph_pin-2
Added Pin To Net: NetName=VCC Pin=ph_pin-3
Added Pin To Net: NetName=GND Pin=U1-2
Added Pin To Net: NetName=NetR3_1 Pin=U1-8
Added Pin To Net: NetName=NetR9_1 Pin=U1-9
Added Pin To Net: NetName=NetR1_1 Pin=U1-10
Added Pin To Net: NetName=NetJP3_3 Pin=U1-11
Added Pin To Net: NetName=NetJP3_4 Pin=U1-14
Added Pin To Net: NetName=NetJP2_4 Pin=U1-20
Added Pin To Net: NetName=NetJP1_2 Pin=U1-22
Added Pin To Net: NetName=NetR8_1 Pin=U1-25
Added Pin To Net: NetName=NetR6_1 Pin=U1-26
Added Pin To Net: NetName=NetR7_1 Pin=U1-27
Added Pin To Net: NetName=NetR5_1 Pin=U1-28
Added Pin To Net: NetName=GND Pin=U1-29
Added Pin To Net: NetName=VCC Pin=U1-30
Added Pin To Net: NetName=Netph_pin_1 Pin=ph_pin-1
Added Pin To Net: NetName=Netph_pin_1 Pin=U1-19
Added Net: Name=Netph_pin_1
Added Member To Class: ClassName=DATN1 Member=Component ph_pin PH SENSOR
Added Member To Class: ClassName=DATN1 Member=Component U1 ESP32-DEVKIT-V1
Added Room: Name=DATN1
