Removed Pin From Net: NetName=+5 Pin=C1-2
Removed Pin From Net: NetName=+5 Pin=C2-2
Removed Pin From Net: NetName=+5 Pin=C3-1
Removed Pin From Net: NetName=VCC Pin=C4-1
Removed Pin From Net: NetName=VCC Pin=C5-2
Removed Pin From Net: NetName=VCC Pin=JDC1-1
Removed Pin From Net: NetName=+5 Pin=L1-2
Removed Pin From Net: NetName=VCC Pin=R1-2
Removed Pin From Net: NetName=VCC Pin=R2-2
Removed Pin From Net: NetName=VCC Pin=R4-2
Removed Pin From Net: NetName=VCC Pin=R5-2
Removed Pin From Net: NetName=+5 Pin=VR1-1
Removed Member From Class: ClassName=DATN1 Member=R1
Removed Member From Class: ClassName=DATN1 Member=R2
Removed Member From Class: ClassName=DATN1 Member=R4
Removed Member From Class: ClassName=DATN1 Member=R5
Added Pin To Net: NetName=VCC Pin=C1-2
Added Pin To Net: NetName=VCC Pin=C2-2
Added Pin To Net: NetName=VCC Pin=C3-1
Added Pin To Net: NetName=+5 Pin=C4-1
Added Pin To Net: NetName=+5 Pin=C5-2
Added Pin To Net: NetName=+5 Pin=JDC1-1
Added Pin To Net: NetName=VCC Pin=L1-2
Added Pin To Net: NetName=VCC Pin=VR1-1
Change Net Name : Old Net Name=+5 New Net Name=12V
Added Pin To Net: NetName=NetSW1_1 Pin=SW1-1
Added Pin To Net: NetName=NetSW1_1 Pin=SW1-1
Added Pin To Net: NetName=NetSW1_1 Pin=U2-28
Added Net: Name=NetSW1_1
Added Pin To Net: NetName=NetSW2_1 Pin=SW2-1
Added Pin To Net: NetName=NetSW2_1 Pin=SW2-1
Added Pin To Net: NetName=NetSW2_1 Pin=U2-26
Added Net: Name=NetSW2_1
Added Pin To Net: NetName=NetSW3_1 Pin=SW3-1
Added Pin To Net: NetName=NetSW3_1 Pin=SW3-1
Added Pin To Net: NetName=NetSW3_1 Pin=U2-27
Added Net: Name=NetSW3_1
Added Pin To Net: NetName=NetSW4_1 Pin=SW4-1
Added Pin To Net: NetName=NetSW4_1 Pin=SW4-1
Added Pin To Net: NetName=NetSW4_1 Pin=U2-25
Added Net: Name=NetSW4_1
Added Room: Name=DATN1
